// Jest Snapshot v1, https://goo.gl/fbAQLP

exports[`Animation should be an instance of Animation 1`] = `
<div>
  <Snowflake
    key="0.6"
    locationX={50}
    locationY={450}
  />
  <Snowflake
    key="0.2"
    locationX={150}
    locationY={150}
  />
  <Snowflake
    key="0.6"
    locationX={250}
    locationY={450}
  />
  <Snowflake
    key="0.2"
    locationX={550}
    locationY={150}
  />
  <Snowflake
    key="0.6"
    locationX={50}
    locationY={450}
  />
  <Snowflake
    key="0.2"
    locationX={150}
    locationY={150}
  />
  <Snowflake
    key="0.6"
    locationX={250}
    locationY={450}
  />
  <Snowflake
    key="0.2"
    locationX={550}
    locationY={150}
  />
  <Snowflake
    key="0.6"
    locationX={50}
    locationY={450}
  />
  <Snowflake
    key="0.2"
    locationX={150}
    locationY={150}
  />
  <Snowflake
    key="0.6"
    locationX={250}
    locationY={450}
  />
  <Snowflake
    key="0.2"
    locationX={550}
    locationY={150}
  />
  <Snowflake
    key="0.6"
    locationX={50}
    locationY={450}
  />
  <Snowflake
    key="0.2"
    locationX={150}
    locationY={150}
  />
  <Snowflake
    key="0.6"
    locationX={250}
    locationY={450}
  />
  <Snowflake
    key="0.2"
    locationX={550}
    locationY={150}
  />
  <Snowflake
    key="0.6"
    locationX={50}
    locationY={450}
  />
  <Snowflake
    key="0.2"
    locationX={150}
    locationY={150}
  />
  <Snowflake
    key="0.6"
    locationX={250}
    locationY={450}
  />
  <Snowflake
    key="0.2"
    locationX={550}
    locationY={150}
  />
  <Snowflake
    key="0.6"
    locationX={50}
    locationY={450}
  />
  <Snowflake
    key="0.2"
    locationX={150}
    locationY={150}
  />
  <Snowflake
    key="0.6"
    locationX={250}
    locationY={450}
  />
  <Snowflake
    key="0.2"
    locationX={550}
    locationY={150}
  />
  <Snowflake
    key="0.6"
    locationX={50}
    locationY={450}
  />
  <Snowflake
    key="0.2"
    locationX={150}
    locationY={150}
  />
  <Snowflake
    key="0.6"
    locationX={250}
    locationY={450}
  />
  <Snowflake
    key="0.2"
    locationX={550}
    locationY={150}
  />
  <Snowflake
    key="0.6"
    locationX={50}
    locationY={450}
  />
  <Snowflake
    key="0.2"
    locationX={150}
    locationY={150}
  />
  <Snowflake
    key="0.6"
    locationX={250}
    locationY={450}
  />
  <Snowflake
    key="0.2"
    locationX={550}
    locationY={150}
  />
  <Snowflake
    key="0.6"
    locationX={50}
    locationY={450}
  />
  <Snowflake
    key="0.2"
    locationX={150}
    locationY={150}
  />
  <Snowflake
    key="0.6"
    locationX={250}
    locationY={450}
  />
  <Snowflake
    key="0.2"
    locationX={550}
    locationY={150}
  />
  <Snowflake
    key="0.6"
    locationX={50}
    locationY={450}
  />
  <Snowflake
    key="0.2"
    locationX={150}
    locationY={150}
  />
  <Snowflake
    key="0.6"
    locationX={250}
    locationY={450}
  />
  <Snowflake
    key="0.2"
    locationX={550}
    locationY={150}
  />
  <Snowflake
    key="0.6"
    locationX={50}
    locationY={450}
  />
  <Snowflake
    key="0.2"
    locationX={150}
    locationY={150}
  />
  <Snowflake
    key="0.6"
    locationX={250}
    locationY={450}
  />
  <Snowflake
    key="0.2"
    locationX={550}
    locationY={150}
  />
  <Snowflake
    key="0.6"
    locationX={50}
    locationY={450}
  />
  <Snowflake
    key="0.2"
    locationX={150}
    locationY={150}
  />
  <Snowflake
    key="0.6"
    locationX={250}
    locationY={450}
  />
  <Snowflake
    key="0.2"
    locationX={550}
    locationY={150}
  />
  <Snowflake
    key="0.6"
    locationX={50}
    locationY={450}
  />
  <Snowflake
    key="0.2"
    locationX={150}
    locationY={150}
  />
  <Snowflake
    key="0.6"
    locationX={250}
    locationY={450}
  />
  <Snowflake
    key="0.2"
    locationX={550}
    locationY={150}
  />
  <Snowflake
    key="0.6"
    locationX={50}
    locationY={450}
  />
  <Snowflake
    key="0.2"
    locationX={150}
    locationY={150}
  />
  <Snowflake
    key="0.6"
    locationX={250}
    locationY={450}
  />
  <Snowflake
    key="0.2"
    locationX={550}
    locationY={150}
  />
  <Snowflake
    key="0.6"
    locationX={50}
    locationY={450}
  />
  <Snowflake
    key="0.2"
    locationX={150}
    locationY={150}
  />
  <Snowflake
    key="0.6"
    locationX={250}
    locationY={450}
  />
  <Snowflake
    key="0.2"
    locationX={550}
    locationY={150}
  />
  <Snowflake
    key="0.6"
    locationX={50}
    locationY={450}
  />
  <Snowflake
    key="0.2"
    locationX={150}
    locationY={150}
  />
  <Snowflake
    key="0.6"
    locationX={250}
    locationY={450}
  />
  <Snowflake
    key="0.2"
    locationX={550}
    locationY={150}
  />
  <Snowflake
    key="0.6"
    locationX={50}
    locationY={450}
  />
  <Snowflake
    key="0.2"
    locationX={150}
    locationY={150}
  />
  <Snowflake
    key="0.6"
    locationX={250}
    locationY={450}
  />
  <Snowflake
    key="0.2"
    locationX={550}
    locationY={150}
  />
  <Snowflake
    key="0.6"
    locationX={50}
    locationY={450}
  />
  <Snowflake
    key="0.2"
    locationX={150}
    locationY={150}
  />
  <Snowflake
    key="0.6"
    locationX={250}
    locationY={450}
  />
  <Snowflake
    key="0.2"
    locationX={550}
    locationY={150}
  />
  <Snowflake
    key="0.6"
    locationX={50}
    locationY={450}
  />
  <Snowflake
    key="0.2"
    locationX={150}
    locationY={150}
  />
  <Snowflake
    key="0.6"
    locationX={250}
    locationY={450}
  />
  <Snowflake
    key="0.2"
    locationX={550}
    locationY={150}
  />
  <Snowflake
    key="0.6"
    locationX={50}
    locationY={450}
  />
  <Snowflake
    key="0.2"
    locationX={150}
    locationY={150}
  />
  <Snowflake
    key="0.6"
    locationX={250}
    locationY={450}
  />
  <Snowflake
    key="0.2"
    locationX={550}
    locationY={150}
  />
  <Snowflake
    key="0.6"
    locationX={50}
    locationY={450}
  />
  <Snowflake
    key="0.2"
    locationX={150}
    locationY={150}
  />
  <Snowflake
    key="0.6"
    locationX={250}
    locationY={450}
  />
  <Snowflake
    key="0.2"
    locationX={550}
    locationY={150}
  />
  <Snowflake
    key="0.6"
    locationX={50}
    locationY={450}
  />
  <Snowflake
    key="0.2"
    locationX={150}
    locationY={150}
  />
  <Snowflake
    key="0.6"
    locationX={250}
    locationY={450}
  />
  <Snowflake
    key="0.2"
    locationX={550}
    locationY={150}
  />
  <Snowflake
    key="0.6"
    locationX={50}
    locationY={450}
  />
  <Snowflake
    key="0.2"
    locationX={150}
    locationY={150}
  />
  <Snowflake
    key="0.6"
    locationX={250}
    locationY={450}
  />
  <Snowflake
    key="0.2"
    locationX={550}
    locationY={150}
  />
  <Snowflake
    key="0.6"
    locationX={50}
    locationY={450}
  />
  <Snowflake
    key="0.2"
    locationX={150}
    locationY={150}
  />
  <Snowflake
    key="0.6"
    locationX={250}
    locationY={450}
  />
  <Snowflake
    key="0.2"
    locationX={550}
    locationY={150}
  />
  <Snowflake
    key="0.6"
    locationX={50}
    locationY={450}
  />
  <Snowflake
    key="0.2"
    locationX={150}
    locationY={150}
  />
  <Snowflake
    key="0.6"
    locationX={250}
    locationY={450}
  />
  <Snowflake
    key="0.2"
    locationX={550}
    locationY={150}
  />
  <Snowflake
    key="0.6"
    locationX={50}
    locationY={450}
  />
  <Snowflake
    key="0.2"
    locationX={150}
    locationY={150}
  />
  <Snowflake
    key="0.6"
    locationX={250}
    locationY={450}
  />
  <Snowflake
    key="0.2"
    locationX={550}
    locationY={150}
  />
  <Snowflake
    key="0.6"
    locationX={50}
    locationY={450}
  />
  <Snowflake
    key="0.2"
    locationX={150}
    locationY={150}
  />
  <Snowflake
    key="0.6"
    locationX={250}
    locationY={450}
  />
  <Snowflake
    key="0.2"
    locationX={550}
    locationY={150}
  />
  <Snowflake
    key="0.6"
    locationX={50}
    locationY={450}
  />
  <Snowflake
    key="0.2"
    locationX={150}
    locationY={150}
  />
  <Snowflake
    key="0.6"
    locationX={250}
    locationY={450}
  />
  <Snowflake
    key="0.2"
    locationX={550}
    locationY={150}
  />
  <Snowflake
    key="0.6"
    locationX={50}
    locationY={450}
  />
  <Snowflake
    key="0.2"
    locationX={150}
    locationY={150}
  />
  <Snowflake
    key="0.6"
    locationX={250}
    locationY={450}
  />
  <Snowflake
    key="0.2"
    locationX={550}
    locationY={150}
  />
  <Snowflake
    key="0.6"
    locationX={50}
    locationY={450}
  />
  <Snowflake
    key="0.2"
    locationX={150}
    locationY={150}
  />
  <Snowflake
    key="0.6"
    locationX={250}
    locationY={450}
  />
  <Snowflake
    key="0.2"
    locationX={550}
    locationY={150}
  />
  <Snowflake
    key="0.6"
    locationX={50}
    locationY={450}
  />
  <Snowflake
    key="0.2"
    locationX={150}
    locationY={150}
  />
  <Snowflake
    key="0.6"
    locationX={250}
    locationY={450}
  />
  <Snowflake
    key="0.2"
    locationX={550}
    locationY={150}
  />
  <Snowflake
    key="0.6"
    locationX={50}
    locationY={450}
  />
  <Snowflake
    key="0.2"
    locationX={150}
    locationY={150}
  />
  <Snowflake
    key="0.6"
    locationX={250}
    locationY={450}
  />
  <Snowflake
    key="0.2"
    locationX={550}
    locationY={150}
  />
  <Snowflake
    key="0.6"
    locationX={50}
    locationY={450}
  />
  <Snowflake
    key="0.2"
    locationX={150}
    locationY={150}
  />
  <Snowflake
    key="0.6"
    locationX={250}
    locationY={450}
  />
  <Snowflake
    key="0.2"
    locationX={550}
    locationY={150}
  />
  <Snowflake
    key="0.6"
    locationX={50}
    locationY={450}
  />
  <Snowflake
    key="0.2"
    locationX={150}
    locationY={150}
  />
  <Snowflake
    key="0.6"
    locationX={250}
    locationY={450}
  />
  <Snowflake
    key="0.2"
    locationX={550}
    locationY={150}
  />
  <Snowflake
    key="0.6"
    locationX={50}
    locationY={450}
  />
  <Snowflake
    key="0.2"
    locationX={150}
    locationY={150}
  />
  <Snowflake
    key="0.6"
    locationX={250}
    locationY={450}
  />
  <Snowflake
    key="0.2"
    locationX={550}
    locationY={150}
  />
  <Snowflake
    key="0.6"
    locationX={50}
    locationY={450}
  />
  <Snowflake
    key="0.2"
    locationX={150}
    locationY={150}
  />
  <Snowflake
    key="0.6"
    locationX={250}
    locationY={450}
  />
  <Snowflake
    key="0.2"
    locationX={550}
    locationY={150}
  />
  <Snowflake
    key="0.6"
    locationX={50}
    locationY={450}
  />
  <Snowflake
    key="0.2"
    locationX={150}
    locationY={150}
  />
  <Snowflake
    key="0.6"
    locationX={250}
    locationY={450}
  />
  <Snowflake
    key="0.2"
    locationX={550}
    locationY={150}
  />
  <Snowflake
    key="0.6"
    locationX={50}
    locationY={450}
  />
  <Snowflake
    key="0.2"
    locationX={150}
    locationY={150}
  />
</div>
`;
