// Jest Snapshot v1, https://goo.gl/fbAQLP

exports[`Form should be an instance of Form component 1`] = `
<main
  className="app-home"
>
  <form
    id="user-login-form"
    onSubmit={[Function]}
  >
    <img
      alt="DDR Xtreme logo"
      id="logo-img"
      src="DDR-logo.png"
    />
    <img
      alt="DDR Xtreme title"
      id="title-img"
      src="DDR-title.png"
    />
    <div
      className="user-inputs"
    >
      <input
        autoComplete="off"
        className="form-input"
        name="name"
        onChange={[Function]}
        placeholder="Name"
        required={true}
        value=""
      />
      <input
        autoComplete="off"
        className="form-input"
        name="email"
        onChange={[Function]}
        placeholder="Email"
        required={true}
        type="email"
        value=""
      />
    </div>
    <div
      className="user-inputs dropdown"
    >
      <h2
        className=""
      >
        Choose Your Adventure Type
      </h2>
      <select
        className="btn-label"
        onChange={[Function]}
        value="business"
      >
        <option
          value="Business"
        >
          Business
        </option>
        <option
          value="Recreational"
        >
          Recreational
        </option>
        <option
          value="EXTREME"
        >
          Xtreme
        </option>
      </select>
    </div>
    <div
      className="user-inputs"
    >
      <input
        id="form-btn"
        type="submit"
        value="Send it!"
      />
    </div>
  </form>
</main>
`;
